###############################################################################
#
# IAR ELF Linker V8.40.2.214/W32 for ARM                  30/Sep/2020  20:16:36
# Copyright 2007-2019 IAR Systems AB.
#
#    Output file  =  C:\Users\User\Desktop\Project\Debug\Exe\IAR1laba.out
#    Map file     =  C:\Users\User\Desktop\Project\Debug\List\IAR1laba.map
#    Command line =
#        -f C:\Users\User\AppData\Local\Temp\EWC086.tmp
#        (C:\Users\User\Desktop\Project\Debug\Obj\main.o
#        C:\Users\User\Desktop\Project\Debug\Obj\startup_stm32F411.o
#        --no_out_extension -o
#        C:\Users\User\Desktop\Project\Debug\Exe\IAR1laba.out --redirect
#        _Printf=_PrintfFullNoMb --redirect _Scanf=_ScanfFullNoMb --map
#        C:\Users\User\Desktop\Project\Debug\List\IAR1laba.map --config
#        C:\Users\User\Desktop\Project\IAR1l00000000000000000aba.icf
#        --semihosting --entry __iar_program_start --vfe --enable_stack_usage
#        --text_out locale)
#
###############################################################################

*******************************************************************************
*** MESSAGES
***

Warning[Ls015]: [stack usage analysis] at least one function appears to be
          uncalled. Example: "DummyModule::handler()". A complete list of
          uncalled functions is in the map file.


*******************************************************************************
*** RUNTIME MODEL ATTRIBUTES
***

CppFlavor        = *
__CPP_Exceptions = Disabled
__CPP_Language   = C++14
__SystemLibrary  = DLib
__dlib_version   = 6


*******************************************************************************
*** HEAP SELECTION
***

The basic heap was selected because no calls to memory allocation
functions were found in the application outside of system library
functions, and there are calls to deallocation functions in the
application.


*******************************************************************************
*** PLACEMENT SUMMARY
***

"A0":  place at address 0x800'0000 { ro section .intvec };
"P1":  place in [from 0x800'0000 to 0x807'ffff] { ro };
define block CSTACK with size = 0, alignment = 8 { };
define block HEAP with size = 0, alignment = 8 { };
"P2":  place in [from 0x2000'0000 to 0x2001'ffff] {
          rw, block CSTACK, block HEAP };

No sections matched the following patterns:

  rw  in "P2"


  Section  Kind         Address   Size  Object
  -------  ----         -------   ----  ------
"A0":                            0x198
  .intvec  const     0x800'0000  0x198  startup_stm32F411.o [1]
                   - 0x800'0198  0x198

"P1":                             0xba
  .text    ro code   0x800'0198   0x3c  main.o [1]
  .text    ro code   0x800'01d4   0x22  fpinit_M.o [3]
  .rodata  const     0x800'01f6    0x1  unwind_debug.o [5]
  .text    ro code   0x800'01f8   0x1e  cmain.o [4]
  .text    ro code   0x800'0216    0x4  low_level_init.o [2]
  .text    ro code   0x800'021a    0x4  exit.o [2]
  .text    ro code   0x800'0220    0xa  cexit.o [4]
  .text    ro code   0x800'022c   0x14  exit.o [5]
  .text    ro code   0x800'0240   0x12  startup_stm32F411.o [1]
                   - 0x800'0252   0xba

"P2":                              0x0
  CSTACK            0x2000'0000    0x0  <Block>

Unused ranges:

         From           To      Size
         ----           --      ----
   0x800'0252   0x807'ffff  0x7'fdae
  0x2000'0000  0x2001'ffff  0x2'0000


*******************************************************************************
*** STACK USAGE
***

  Call Graph Root Category  Max Use  Total Use
  ------------------------  -------  ---------
  Program entry                 16         16
  Uncalled function              0          0


Program entry
  "__iar_program_start": 0x800'0243

  Maximum call chain                               16  bytes

    "__iar_program_start"                           8
    "__cmain"                                       0
    "exit"                                          0
    "_exit"                                         0
    "__exit"                                        8

Uncalled function
  "DummyModule::handler()": 0x800'0241

  Maximum call chain                                0  bytes

    "DummyModule::handler()"                        0


*******************************************************************************
*** MODULE SUMMARY
***

    Module               ro code  ro data
    ------               -------  -------
command line/config:
    -------------------------------------
    Total:

C:\Users\User\Desktop\Project\Debug\Obj: [1]
    main.o                    60
    startup_stm32F411.o       18      408
    -------------------------------------
    Total:                    78      408

dl7M_tln.a: [2]
    exit.o                     4
    low_level_init.o           4
    -------------------------------------
    Total:                     8

m7M_tls.a: [3]
    fpinit_M.o                34
    -------------------------------------
    Total:                    34

rt7M_tl.a: [4]
    cexit.o                   10
    cmain.o                   30
    -------------------------------------
    Total:                    40

shb_l.a: [5]
    exit.o                    20
    unwind_debug.o                      1
    -------------------------------------
    Total:                    20        1

    Gaps                       5
-----------------------------------------
    Grand Total:             185      409


*******************************************************************************
*** ENTRY LIST
***

Entry                       Address   Size  Type      Object
-----                       -------   ----  ----      ------
?main                    0x800'01f9         Code  Gb  cmain.o [4]
CSTACK$$Base            0x2000'0000          --   Gb  - Linker created -
CSTACK$$Limit           0x2000'0000          --   Gb  - Linker created -
DummyModule::handler()   0x800'0241    0x2  Code  Gb  startup_stm32F411.o [1]
Region$$Table$$Base             0x0          --   Gb  - Linker created -
Region$$Table$$Limit            0x0          --   Gb  - Linker created -
__cmain                  0x800'01f9         Code  Gb  cmain.o [4]
__exit                   0x800'022d   0x14  Code  Gb  exit.o [5]
__iar_debug_exceptions   0x800'01f6    0x1  Data  Gb  unwind_debug.o [5]
__iar_init_vfp           0x800'01d5         Code  Gb  fpinit_M.o [3]
__iar_program_start      0x800'0243   0x10  Code  Gb  startup_stm32F411.o [1]
__low_level_init         0x800'0217    0x4  Code  Gb  low_level_init.o [2]
__vector_table           0x800'0000  0x198  Data  Gb  startup_stm32F411.o [1]
_call_main               0x800'0205         Code  Gb  cmain.o [4]
_exit                    0x800'0221         Code  Gb  cexit.o [4]
_main                    0x800'0213         Code  Gb  cmain.o [4]
exit                     0x800'021b    0x4  Code  Gb  exit.o [2]
main                     0x800'0199   0x3c  Code  Gb  main.o [1]


[1] = C:\Users\User\Desktop\Project\Debug\Obj
[2] = dl7M_tln.a
[3] = m7M_tls.a
[4] = rt7M_tl.a
[5] = shb_l.a

  185 bytes of readonly  code memory
  409 bytes of readonly  data memory

Errors: none
Warnings: 1
